parameter:value
===================== SIGNATURE BEGIN =====================
MCwCFBWiefGIqOGzkzlC7FEZkkEYaQi8AhROgt/7zMTodCuPLnROI8rMFuGtfg==
=====================  SIGNATURE END  =====================
