#This is a comment

#Previous line is empty

   #Previous line is also empty
   
This parameter : has a value


ThisParam:has also a value

#The following lines contain the signature of the file.
#This parameter:has a value
#ThisParam:has also a value
#
===================== SIGNATURE BEGIN =====================
MCwCFA4DCd5r3QmZGNSOxJ5BtsxXjH6FAhRtN924CCe2+6X9yFBycBpQ9HZKkA==
=====================  SIGNATURE END  =====================
